---
source: crates/aw-mux/src/tmux.rs
expression: snapshot
---

