---
source: crates/ah-tui/tests/scenario_render.rs
expression: initial_screen
---
[m[H[J[TIMESTAMP] [33m WARN[m
