---
source: crates/ah-tui/tests/scenario_render.rs
expression: normalized_screen
---
[m[H[J
